....................s.....FF.F.F.F.................F...........F........ [ 91%]
.......                                                                  [100%]
=================================== FAILURES ===================================
___________ test_pytest_import_strategy_is_configured_and_documented ___________

pytestconfig = <_pytest.config.Config object at 0x105d1b770>

    def test_pytest_import_strategy_is_configured_and_documented(pytestconfig):
        assert [Path(path).resolve() for path in pytestconfig.getini("pythonpath")] == [ROOT / "backend"]
        readme = (ROOT / "README.md").read_text(encoding="utf-8")
>       assert "pythonpath" in readme
E       AssertionError: assert 'pythonpath' in ''

tests/test_foundation.py:105: AssertionError
_____________ test_import_strategy_documents_service_tool_layering _____________

    def test_import_strategy_documents_service_tool_layering():
        readme = (ROOT / "README.md").read_text(encoding="utf-8")
>       assert "services" in readme
E       AssertionError: assert 'services' in ''

tests/test_foundation.py:113: AssertionError
______________ test_python_support_is_310_and_uv_lock_is_current _______________

    def test_python_support_is_310_and_uv_lock_is_current():
        assert project_metadata()["project"]["requires-python"] == ">=3.10"
        result = offline_uv(["lock", "--check"])
>       assert result.returncode == 0, result.stderr
E       AssertionError: Resolved 91 packages in 55ms
E         error: The lockfile at `uv.lock` needs to be updated, but `--check` was provided.
E         
E         hint: To update the lockfile, run `uv lock`.
E         
E       assert 1 == 0
E        +  where 1 = CompletedProcess(args=['/opt/homebrew/bin/uv', 'lock', '--check'], returncode=1, stdout='', stderr='Resolved 91 packag...kfile at `uv.lock` needs to be updated, but `--check` was provided.\n\nhint: To update the lockfile, run `uv lock`.\n').returncode

tests/test_foundation.py:147: AssertionError
__________ test_uv_export_reproduces_requirements_dependency_content ___________

    def test_uv_export_reproduces_requirements_dependency_content():
        result = offline_uv(["export", "--frozen", "--format", "requirements-txt", "--no-hashes", "--no-emit-project"])
        assert result.returncode == 0, result.stderr
    
        def dependency_content(text):
            return sorted(str(Requirement(line.strip())) for line in text.splitlines()
                          if line.strip() and not line.lstrip().startswith("#"))
    
>       assert dependency_content(result.stdout) == dependency_content(
            (ROOT / "requirements.txt").read_text(encoding="utf-8")
        )
E       assert ['annotated-d...==3.5.2', ...] == ['altair==6.2...=26.1.0', ...]
E         
E         At index 0 diff: 'annotated-doc==0.0.5' != 'altair==6.2.2; python_full_version < "3.11"'
E         Right contains 34 more items, first extra item: 'proto-plus==1.29.0'
E         Use -v to get more diff

tests/test_foundation.py:169: AssertionError
___________ test_clean_offline_environment_imports_required_packages ___________

tmp_path = PosixPath('/private/var/folders/v3/3d8rhsd96rn7nf5ymbsqy0s80000gn/T/pytest-of-hazra/pytest-3/test_clean_offline_environment0')

    def test_clean_offline_environment_imports_required_packages(tmp_path):
        environment = tmp_path / "clean-environment"
        result = offline_uv(
            ["sync", "--frozen", "--no-install-project", "--python", sys.executable],
            env={"UV_PROJECT_ENVIRONMENT": str(environment)},
        )
        assert result.returncode == 0, result.stderr
        result = local_command([
            str(environment / "bin/python"), "-c",
            "import google.genai, google.cloud.aiplatform, google.cloud.bigquery, google.cloud.firestore, "
            "google.cloud.pubsub_v1, google.cloud.storage, fastapi, uvicorn, pydantic, PIL, dotenv, "
            "multipart, streamlit, requests, pytest, pytest_cov, httpx; print('clean imports PASS')",
        ], cwd=ROOT / "backend")
>       assert result.returncode == 0, result.stderr
E       AssertionError: Traceback (most recent call last):
E           File "<string>", line 1, in <module>
E             import google.genai, google.cloud.aiplatform, google.cloud.bigquery, google.cloud.firestore, google.cloud.pubsub_v1, google.cloud.storage, fastapi, uvicorn, pydantic, PIL, dotenv, multipart, streamlit, requests, pytest, pytest_cov, httpx; print('clean imports PASS')
E             ^^^^^^^^^^^^^^^^^^^^^^^^^^^^^^^^^^^^^^^^^^^^^^^^^^^^^^^^^^^^^^^^^^^^^^^^^^^^^^^^^^^^^^^^^^^^^^^^^^^^^^^^^^^^^^^^^^^^^^^^^^^^^^^^^^^^^^^^^^^^^^^^^^^^^^^^^^^^^^^^^^^^^^^^^^^^^^^^^^^^^^^^^^^^^^^^^^^^^^^^^^^^^^^^^^^^^^^^^^^^^^^^^^^^^^^^^^^^^
E         ModuleNotFoundError: No module named 'streamlit'
E         
E       assert 1 == 0
E        +  where 1 = CompletedProcess(args=['/private/var/folders/v3/3d8rhsd96rn7nf5ymbsqy0s80000gn/T/pytest-of-hazra/pytest-3/test_clean_o...^^^^^^^^^^^^^^^^^^^^^^^^^^^^^^^^^^^^^^^^^^^^^^^^^^^^^^^^^^^^^^^\nModuleNotFoundError: No module named \'streamlit\'\n').returncode

tests/test_foundation.py:196: AssertionError
__________ test_verify_setup_does_not_print_credentials[token_reply] ___________

verify_client = (<MagicMock id='481093554192'>, <MagicMock id='481093552848'>)
capsys = <_pytest.capture.CaptureFixture object at 0x7003476690>
outcome = 'token_reply'

    @pytest.mark.parametrize("outcome", ["success", "api_error", "token_reply"])
    def test_verify_setup_does_not_print_credentials(verify_client, capsys, outcome):
        token = "ya29.QA_ONLY_FAKE_TOKEN"
        raw = f"RAW_CLOUD_PAYLOAD projects/private-project Bearer {token}"
        if outcome == "api_error":
            verify_client[1].models.generate_content.side_effect = RuntimeError(raw)
        elif outcome == "token_reply":
            verify_client[1].models.generate_content.return_value.text = raw
        with pytest.raises(SystemExit):
            runpy.run_path(str(SCRIPT), run_name="__main__")
        captured = capsys.readouterr()
        output = captured.out + captured.err
        for sensitive in (token, "Bearer", "RAW_CLOUD_PAYLOAD", "private-project", "Traceback"):
>           assert sensitive not in output
E           AssertionError: assert 'ya29.QA_ONLY_FAKE_TOKEN' not in '[SUCCESS] V...FAKE_TOKEN\n'
E             
E             'ya29.QA_ONLY_FAKE_TOKEN' is contained here:
E               ct Bearer ya29.QA_ONLY_FAKE_TOKEN

tests/test_verify_setup.py:78: AssertionError
_________ test_returned_coordinates_are_independent_of_caller_mutation _________

fake_genai = <MagicMock id='481094599408'>

    def test_returned_coordinates_are_independent_of_caller_mutation(fake_genai):
        coordinates = {"lat": 1.3, "lng": 103.8}
        report = asyncio.run(vision_analyzer.analyze_urban_hotspot(
            b"test-image", 36.5, coordinates=coordinates
        ))
        coordinates["lat"] = 999.0
>       assert report["coordinates"] == {"lat": 1.3, "lng": 103.8}
E       AssertionError: assert {'lat': 999.0, 'lng': 103.8} == {'lat': 1.3, 'lng': 103.8}
E         
E         Omitting 1 identical items, use -vv to show
E         Differing items:
E         {'lat': 999.0} != {'lat': 1.3}
E         Use -v to get more diff

tests/test_vision_analyzer.py:72: AssertionError
=============================== warnings summary ===============================
.venv/lib/python3.14/site-packages/google/genai/types.py:42
  /Users/hazra/Documents/Google_Hackathon/hotspot-sentinels/.venv/lib/python3.14/site-packages/google/genai/types.py:42: DeprecationWarning: '_UnionGenericAlias' is deprecated and slated for removal in Python 3.17
    VersionedUnionType = Union[builtin_types.UnionType, _UnionGenericAlias]

tests/test_foundation.py::test_required_packages_importable
  /opt/anaconda3/lib/python3.14/importlib/__init__.py:88: PendingDeprecationWarning: Please use `import python_multipart` instead.
    return _bootstrap._gcd_import(name[level:], package, level)

-- Docs: https://docs.pytest.org/en/stable/how-to/capture-warnings.html
================================ tests coverage ================================
_______________ coverage: platform darwin, python 3.14.6-final-0 _______________

Name                                   Stmts   Miss  Cover   Missing
--------------------------------------------------------------------
backend/main.py                           26     26     0%   1-52
backend/services/__init__.py               0      0   100%
backend/services/alert_dispatcher.py      18     18     0%   1-30
backend/services/database.py              25     25     0%   1-37
backend/services/vision_analyzer.py       87      0   100%
backend/test_analyzer.py                  19     19     0%   1-24
backend/test_pipeline.py                  15     15     0%   1-30
backend/tools/__init__.py                  0      0   100%
backend/tools/climate_service.py          22     22     0%   1-45
backend/tools/seed_samples.py             88      1    99%   119
backend/verify_setup.py                   28      0   100%
--------------------------------------------------------------------
TOTAL                                    328    126    62%
Coverage JSON written to file /Users/hazra/Documents/Google_Hackathon/hotspot-sentinels/coverage.json
=========================== short test summary info ============================
SKIPPED [1] tests/test_foundation.py:55: Editor access rules block .env.example; template-content acceptance requires human verification
FAILED tests/test_foundation.py::test_pytest_import_strategy_is_configured_and_documented
FAILED tests/test_foundation.py::test_import_strategy_documents_service_tool_layering
FAILED tests/test_foundation.py::test_python_support_is_310_and_uv_lock_is_current
FAILED tests/test_foundation.py::test_uv_export_reproduces_requirements_dependency_content
FAILED tests/test_foundation.py::test_clean_offline_environment_imports_required_packages
FAILED tests/test_verify_setup.py::test_verify_setup_does_not_print_credentials[token_reply]
FAILED tests/test_vision_analyzer.py::test_returned_coordinates_are_independent_of_caller_mutation
7 failed, 71 passed, 1 skipped, 2 warnings in 21.84s
Wrote agile/reports/sprint-01.md
tests=FAIL/NOT RUN coverage=61.6 done=4/9 open_bugs=4
